CCS PCM C Compiler, Version 4.140, 52060               30-«ò Ê»—-18 17:25

               Filename:   C:\Users\Strange Lab\Documents\Microchip-PIC-Codebase\Examples\PIC CCS\PIC16F887\Flasher\singleLEDFlasher_ex01.lst

               ROM used:   69 words (1%)
                           Largest free fragment is 2048
               RAM used:   6 (2%) at main() level
                           7 (2%) worst case
               Stack:     1 locations

*
0000:  MOVLW  00
0001:  MOVWF  0A
0002:  GOTO   018
0003:  NOP
.................... /* 
....................    @summery: This program will blink an LED with fix 500 mili second delay  
....................    @LED: PORTD.0 
....................    @INPUT: NULL 
....................    @CRYSTAL: 8MHz 
....................    @AUTHOR: Abdul Rehman 
....................  
.................... */ 
....................  
....................  
....................  
.................... #include <16F887.h> 
.................... //////// Standard Header file for the PIC16F887 device //////////////// 
.................... #device PIC16F887 
.................... #list 
....................  
.................... #device *= 16  
.................... #fuses HS,NOWDT,NOPROTECT,NOLVP 
.................... #use delay(clock=8000000) 
0004:  MOVLW  22
0005:  MOVWF  04
0006:  BCF    03.7
0007:  MOVF   00,W
0008:  BTFSC  03.2
0009:  GOTO   017
000A:  MOVLW  02
000B:  MOVWF  78
000C:  CLRF   77
000D:  DECFSZ 77,F
000E:  GOTO   00D
000F:  DECFSZ 78,F
0010:  GOTO   00C
0011:  MOVLW  97
0012:  MOVWF  77
0013:  DECFSZ 77,F
0014:  GOTO   013
0015:  DECFSZ 00,F
0016:  GOTO   00A
0017:  RETURN
....................  
.................... #define LED PIN_D0 
....................  
....................  
.................... void main(){ 
0018:  CLRF   04
0019:  BCF    03.7
001A:  MOVLW  1F
001B:  ANDWF  03,F
001C:  BSF    03.5
001D:  BSF    03.6
001E:  MOVF   09,W
001F:  ANDLW  C0
0020:  MOVWF  09
0021:  BCF    03.6
0022:  BCF    1F.4
0023:  BCF    1F.5
0024:  MOVLW  00
0025:  BSF    03.6
0026:  MOVWF  08
0027:  BCF    03.5
0028:  CLRF   07
0029:  CLRF   08
002A:  CLRF   09
....................     
....................    while(True){ 
....................       output_high(LED); 
002B:  BSF    03.5
002C:  BCF    03.6
002D:  BCF    08.0
002E:  BCF    03.5
002F:  BSF    08.0
....................       delay_ms(500); 
0030:  MOVLW  02
0031:  MOVWF  21
0032:  MOVLW  FA
0033:  MOVWF  22
0034:  CALL   004
0035:  DECFSZ 21,F
0036:  GOTO   032
....................       output_low(LED); 
0037:  BSF    03.5
0038:  BCF    08.0
0039:  BCF    03.5
003A:  BCF    08.0
....................       delay_ms(500); 
003B:  MOVLW  02
003C:  MOVWF  21
003D:  MOVLW  FA
003E:  MOVWF  22
003F:  CALL   004
0040:  DECFSZ 21,F
0041:  GOTO   03D
....................    } 
0042:  BSF    03.6
0043:  GOTO   02B
.................... } 
0044:  SLEEP

Configuration Fuses:
   Word  1: 2FE2   HS NOWDT PUT MCLR NOPROTECT NOCPD BROWNOUT IESO FCMEN NOLVP NODEBUG
   Word  2: 3FFF   BORV40 NOWRT
